******************************************************************************
                  TI ARM Linker PC v5.2.5                      
******************************************************************************
>> Linked Wed Feb 03 20:50:23 2016

OUTPUT FILE NAME:   <TivaBluetooth.out>
ENTRY POINT SYMBOL: "_c_int00"  address: 00002309


MEMORY CONFIGURATION

         name            origin    length      used     unused   attr    fill
----------------------  --------  ---------  --------  --------  ----  --------
  FLASH                 00000000   00040000  00002805  0003d7fb  R  X
  SRAM                  20000000   00008000  00000971  0000768f  RW X


SEGMENT ALLOCATION MAP

run origin  load origin   length   init length attrs members
----------  ----------- ---------- ----------- ----- -------
00000000    00000000    00002808   00002808    r-x
  00000000    00000000    0000026c   0000026c    r-- .intvecs
  0000026c    0000026c    00002428   00002428    r-x .text
  00002694    00002694    00000101   00000101    r-- .const
  00002798    00002798    00000070   00000070    r-- .cinit
20000000    20000000    00000971   00000000    rw-
  20000000    20000000    00000800   00000000    rw- .stack
  20000800    20000800    00000158   00000000    rw- .data
  20000958    20000958    00000019   00000000    rw- .bss


SECTION ALLOCATION MAP

 output                                  attributes/
section   page    origin      length       input sections
--------  ----  ----------  ----------   ----------------
.intvecs   0    00000000    0000026c     
                  00000000    0000026c     tm4c123gh6pm_startup_ccs.obj (.intvecs)

.text      0    0000026c    00002428     
                  0000026c    000010ba     rtsv7M4_T_le_v4SPD16_eabi.lib : _printfi.obj (.text)
                  00001326    00000002     --HOLE-- [fill = 0]
                  00001328    000003d0     tivaCbluetooth.obj (.text)
                  000016f8    000001f4     rtsv7M4_T_le_v4SPD16_eabi.lib : ull_div_t2.obj (.text)
                  000018ec    000001b6                                   : fd_add_t2.obj (.text)
                  00001aa2    00000136                                   : fd_div_t2.obj (.text)
                  00001bd8    00000110                                   : xdscale.obj (.text)
                  00001ce8    000000fc                                   : fd_mul_t2.obj (.text)
                  00001de4    000000be                                   : xdnorm.obj (.text)
                  00001ea2    0000009c                                   : memcpy_t2.obj (.text)
                  00001f3e    00000086                                   : fd_cmp_t2.obj (.text:__aeabi_cdcmple)
                  00001fc4    00000086                                   : fd_cmp_t2.obj (.text:__aeabi_cdrcmple)
                  0000204a    0000007a                                   : memset_t2.obj (.text)
                  000020c4    0000006c                                   : autoinit.obj (.text)
                  00002130    0000006a                                   : copy_decompress_rle.obj (.text)
                  0000219a    00000066                                   : xdunscal.obj (.text)
                  00002200    00000060                                   : sprintf.obj (.text)
                  00002260    00000056                                   : ltoa.obj (.text)
                  000022b6    00000052                                   : ldexp.obj (.text)
                  00002308    00000050                                   : boot.obj (.text)
                  00002358    0000004c                                   : atoi.obj (.text)
                  000023a4    0000004c                                   : cpy_tbl.obj (.text)
                  000023f0    00000048                                   : fd_toi_t2.obj (.text)
                  00002438    00000044                                   : exit.obj (.text)
                  0000247c    00000040                                   : signal.obj (.text)
                  000024bc    00000034                                   : feraiseexcept.obj (.text)
                  000024f0    00000030                                   : xdclass.obj (.text)
                  00002520    00000030                                   : xferaise.obj (.text)
                  00002550    0000002e                                   : i_tofd_t2.obj (.text)
                  0000257e    0000002e                                   : raise.obj (.text)
                  000025ac    0000002a                                   : frexp.obj (.text)
                  000025d6    0000001c                                   : memccpy.obj (.text)
                  000025f2    00000002     --HOLE-- [fill = 0]
                  000025f4    00000018                                   : args_main.obj (.text)
                  0000260c    00000018                                   : strcmp.obj (.text)
                  00002624    00000016                                   : strchr.obj (.text)
                  0000263a    00000002     --HOLE-- [fill = 0]
                  0000263c    00000014                                   : _lock.obj (.text)
                  00002650    00000014                                   : strlen.obj (.text)
                  00002664    0000000e                                   : copy_decompress_none.obj (.text:decompress:none)
                  00002672    0000000c                                   : copy_zero_init.obj (.text:decompress:ZI)
                  0000267e    0000000c     tm4c123gh6pm_startup_ccs.obj (.text)
                  0000268a    00000006     rtsv7M4_T_le_v4SPD16_eabi.lib : copy_decompress_rle.obj (.text:decompress:rle24)
                  00002690    00000004                                   : pre_init.obj (.text)

.const     0    00002694    00000101     
                  00002694    00000101     rtsv7M4_T_le_v4SPD16_eabi.lib : ctype.obj (.const:.string:_ctypes_)

.cinit     0    00002798    00000070     
                  00002798    00000046     (.cinit..data.load) [load image, compression = rle]
                  000027de    00000002     --HOLE-- [fill = 0]
                  000027e0    0000000c     (__TI_handler_table)
                  000027ec    00000004     --HOLE-- [fill = 0]
                  000027f0    00000008     (.cinit..bss.load) [load image, compression = zero_init]
                  000027f8    00000010     (__TI_cinit_table)

.init_array 
*          0    00000000    00000000     UNINITIALIZED

.stack     0    20000000    00000800     UNINITIALIZED
                  20000000    00000800     --HOLE--

.data      0    20000800    00000158     UNINITIALIZED
                  20000800    000000b0     rtsv7M4_T_le_v4SPD16_eabi.lib : signal.obj (.data:sigtable)
                  200008b0    00000080                                   : xvalues.obj (.data)
                  20000930    00000008                                   : _lock.obj (.data)
                  20000938    00000008                                   : exit.obj (.data)
                  20000940    00000008                                   : feraiseexcept.obj (.data)
                  20000948    00000005     tivaCbluetooth.obj (.data)
                  2000094d    00000003     --HOLE--
                  20000950    00000004     rtsv7M4_T_le_v4SPD16_eabi.lib : errno.obj (.data)
                  20000954    00000004                                   : stkdepth_vars.obj (.data)

.bss       0    20000958    00000019     UNINITIALIZED
                  20000958    0000000c     (.common:countstr)
                  20000964    0000000c     (.common:rxChar)
                  20000970    00000001     (.common:txChar)

.TI.persistent 
*          0    20000800    00000000     UNINITIALIZED

.TI.noinit 
*          0    20000958    00000000     UNINITIALIZED


LINKER GENERATED COPY TABLES

__TI_cinit_table @ 000027f8 records: 2, size/record: 8, table size: 16
	.data: load addr=00002798, load size=00000046 bytes, run addr=20000800, run size=00000158 bytes, compression=rle
	.bss: load addr=000027f0, load size=00000008 bytes, run addr=20000958, run size=00000019 bytes, compression=zero_init


LINKER GENERATED HANDLER TABLE

__TI_handler_table @ 000027e0 records: 3, size/record: 4, table size: 12
	index: 0, handler: __TI_decompress_rle24
	index: 1, handler: __TI_decompress_none
	index: 2, handler: __TI_zero_init


GLOBAL SYMBOLS: SORTED ALPHABETICALLY BY Name 

address   name                    
-------   ----                    
00002439  C$$EXIT                 
0000267f  ResetISR                
UNDEFED   SHT$$INIT_ARRAY$$Base   
UNDEFED   SHT$$INIT_ARRAY$$Limit  
0000143b  Timer0InterruptIsr      
000013b1  Uart2InterruptIsr       
0000142b  Uart3InterruptIsr       
000024f1  _Dclass                 
200008b0  _Denorm                 
00001de5  _Dnorm                  
00001bd9  _Dscale                 
0000219b  _Dunscale               
200008c0  _Eps                    
20000950  _Errno                  
20000940  _Fenv                   
00002521  _Feraise                
200008d0  _Hugeval                
200008e0  _Inf                    
200008f0  _Nan                    
20000910  _Rteps                  
20000900  _Snan                   
20000944  _Tls_setup__Fenv        
20000920  _Xbig                   
20000928  _Zero                   
20000800  __STACK_END             
00000800  __STACK_SIZE            
20000200  __STACK_TOP             
000027f8  __TI_CINIT_Base         
00002808  __TI_CINIT_Limit        
000027e0  __TI_Handler_Table_Base 
000027ec  __TI_Handler_Table_Limit
000020c5  __TI_auto_init          
20000938  __TI_cleanup_ptr        
00002665  __TI_decompress_none    
0000268b  __TI_decompress_rle24   
2000093c  __TI_dtors_ptr          
00001021  __TI_printfi            
00000000  __TI_static_base__      
00002673  __TI_zero_init          
00001f3f  __aeabi_cdcmpeq         
00001f3f  __aeabi_cdcmple         
00001fc5  __aeabi_cdrcmple        
000023f1  __aeabi_d2iz            
000018f7  __aeabi_dadd            
00001aa3  __aeabi_ddiv            
00001ce9  __aeabi_dmul            
000018ed  __aeabi_dsub            
00002551  __aeabi_i2d             
0000204b  __aeabi_memclr          
0000204b  __aeabi_memclr4         
0000204b  __aeabi_memclr8         
00001ea3  __aeabi_memcpy          
00001ea3  __aeabi_memcpy4         
00001ea3  __aeabi_memcpy8         
0000204d  __aeabi_memset          
0000204d  __aeabi_memset4         
0000204d  __aeabi_memset8         
000016f9  __aeabi_uldivmod        
ffffffff  __binit__               
ffffffff  __c_args__              
20000000  __stack                 
000025f5  _args_main              
00002309  _c_int00                
00002694  _ctypes_                
20000930  _lock                   
0000264b  _nop                    
00002643  _register_lock          
0000263d  _register_unlock        
00002691  _system_pre_init        
20000934  _unlock                 
0000243d  abort                   
00002359  atoi                    
ffffffff  binit                   
000023a5  copy_in                 
2000094a  count                   
20000958  countstr                
00002445  exit                    
000024bd  feraiseexcept           
000025ad  frexp                   
00000000  g_pfnVectors            
2000094c  index                   
000022b7  ldexp                   
00002261  ltoa                    
000015eb  main                    
20000954  main_func_sp            
000025d7  memccpy                 
00001ea3  memcpy                  
00002053  memset                  
0000257f  raise                   
20000964  rxChar                  
00001481  setUp                   
0000247d  signal                  
00002201  sprintf                 
00002625  strchr                  
0000260d  strcmp                  
00002651  strlen                  
20000948  timeron                 
20000970  txChar                  
00001329  writeCharToUart0        
0000136d  writeCharToUart3        
00001345  writeStringToUart0      
00001389  writeStringToUart3      


GLOBAL SYMBOLS: SORTED BY Symbol Address 

address   name                    
-------   ----                    
00000000  __TI_static_base__      
00000000  g_pfnVectors            
00000800  __STACK_SIZE            
00001021  __TI_printfi            
00001329  writeCharToUart0        
00001345  writeStringToUart0      
0000136d  writeCharToUart3        
00001389  writeStringToUart3      
000013b1  Uart2InterruptIsr       
0000142b  Uart3InterruptIsr       
0000143b  Timer0InterruptIsr      
00001481  setUp                   
000015eb  main                    
000016f9  __aeabi_uldivmod        
000018ed  __aeabi_dsub            
000018f7  __aeabi_dadd            
00001aa3  __aeabi_ddiv            
00001bd9  _Dscale                 
00001ce9  __aeabi_dmul            
00001de5  _Dnorm                  
00001ea3  __aeabi_memcpy          
00001ea3  __aeabi_memcpy4         
00001ea3  __aeabi_memcpy8         
00001ea3  memcpy                  
00001f3f  __aeabi_cdcmpeq         
00001f3f  __aeabi_cdcmple         
00001fc5  __aeabi_cdrcmple        
0000204b  __aeabi_memclr          
0000204b  __aeabi_memclr4         
0000204b  __aeabi_memclr8         
0000204d  __aeabi_memset          
0000204d  __aeabi_memset4         
0000204d  __aeabi_memset8         
00002053  memset                  
000020c5  __TI_auto_init          
0000219b  _Dunscale               
00002201  sprintf                 
00002261  ltoa                    
000022b7  ldexp                   
00002309  _c_int00                
00002359  atoi                    
000023a5  copy_in                 
000023f1  __aeabi_d2iz            
00002439  C$$EXIT                 
0000243d  abort                   
00002445  exit                    
0000247d  signal                  
000024bd  feraiseexcept           
000024f1  _Dclass                 
00002521  _Feraise                
00002551  __aeabi_i2d             
0000257f  raise                   
000025ad  frexp                   
000025d7  memccpy                 
000025f5  _args_main              
0000260d  strcmp                  
00002625  strchr                  
0000263d  _register_unlock        
00002643  _register_lock          
0000264b  _nop                    
00002651  strlen                  
00002665  __TI_decompress_none    
00002673  __TI_zero_init          
0000267f  ResetISR                
0000268b  __TI_decompress_rle24   
00002691  _system_pre_init        
00002694  _ctypes_                
000027e0  __TI_Handler_Table_Base 
000027ec  __TI_Handler_Table_Limit
000027f8  __TI_CINIT_Base         
00002808  __TI_CINIT_Limit        
20000000  __stack                 
20000200  __STACK_TOP             
20000800  __STACK_END             
200008b0  _Denorm                 
200008c0  _Eps                    
200008d0  _Hugeval                
200008e0  _Inf                    
200008f0  _Nan                    
20000900  _Snan                   
20000910  _Rteps                  
20000920  _Xbig                   
20000928  _Zero                   
20000930  _lock                   
20000934  _unlock                 
20000938  __TI_cleanup_ptr        
2000093c  __TI_dtors_ptr          
20000940  _Fenv                   
20000944  _Tls_setup__Fenv        
20000948  timeron                 
2000094a  count                   
2000094c  index                   
20000950  _Errno                  
20000954  main_func_sp            
20000958  countstr                
20000964  rxChar                  
20000970  txChar                  
ffffffff  __binit__               
ffffffff  __c_args__              
ffffffff  binit                   
UNDEFED   SHT$$INIT_ARRAY$$Base   
UNDEFED   SHT$$INIT_ARRAY$$Limit  

[102 symbols]
